[2025-03-01T10:12:44.963+0700][gc,init] CardTable entry size: 512
[2025-03-01T10:12:44.963+0700][gc     ] Using G1
[2025-03-01T10:12:44.980+0700][gc,init] Version: 21.0.6+7-Ubuntu-124.04.1 (release)
[2025-03-01T10:12:44.980+0700][gc,init] CPUs: 8 total, 8 available
[2025-03-01T10:12:44.980+0700][gc,init] Memory: 15736M
[2025-03-01T10:12:44.980+0700][gc,init] Large Page Support: Disabled
[2025-03-01T10:12:44.980+0700][gc,init] NUMA Support: Disabled
[2025-03-01T10:12:44.980+0700][gc,init] Compressed Oops: Enabled (32-bit)
[2025-03-01T10:12:44.980+0700][gc,init] Heap Region Size: 1M
[2025-03-01T10:12:44.980+0700][gc,init] Heap Min Capacity: 1G
[2025-03-01T10:12:44.980+0700][gc,init] Heap Initial Capacity: 1G
[2025-03-01T10:12:44.980+0700][gc,init] Heap Max Capacity: 1G
[2025-03-01T10:12:44.980+0700][gc,init] Pre-touch: Disabled
[2025-03-01T10:12:44.980+0700][gc,init] Parallel Workers: 8
[2025-03-01T10:12:44.980+0700][gc,init] Concurrent Workers: 2
[2025-03-01T10:12:44.980+0700][gc,init] Concurrent Refinement Workers: 8
[2025-03-01T10:12:44.980+0700][gc,init] Periodic GC: Disabled
[2025-03-01T10:12:44.994+0700][gc,metaspace] CDS archive(s) mapped at: [0x000071ce27000000-0x000071ce27c97000-0x000071ce27c97000), size 13201408, SharedBaseAddress: 0x000071ce27000000, ArchiveRelocationMode: 1.
[2025-03-01T10:12:44.994+0700][gc,metaspace] Compressed class space mapped at: 0x000071ce28000000-0x000071ce68000000, reserved size: 1073741824
[2025-03-01T10:12:44.994+0700][gc,metaspace] Narrow klass base: 0x000071ce27000000, Narrow klass shift: 0, Narrow klass range: 0x100000000
[2025-03-01T10:12:46.635+0700][gc,start    ] GC(0) Pause Young (Normal) (G1 Evacuation Pause)
[2025-03-01T10:12:46.636+0700][gc,task     ] GC(0) Using 8 workers of 8 for evacuation
[2025-03-01T10:12:46.644+0700][gc,phases   ] GC(0)   Pre Evacuate Collection Set: 0.4ms
[2025-03-01T10:12:46.644+0700][gc,phases   ] GC(0)   Merge Heap Roots: 0.1ms
[2025-03-01T10:12:46.644+0700][gc,phases   ] GC(0)   Evacuate Collection Set: 6.6ms
[2025-03-01T10:12:46.644+0700][gc,phases   ] GC(0)   Post Evacuate Collection Set: 0.7ms
[2025-03-01T10:12:46.645+0700][gc,phases   ] GC(0)   Other: 1.0ms
[2025-03-01T10:12:46.645+0700][gc,heap     ] GC(0) Eden regions: 51->0(44)
[2025-03-01T10:12:46.645+0700][gc,heap     ] GC(0) Survivor regions: 0->7(7)
[2025-03-01T10:12:46.645+0700][gc,heap     ] GC(0) Old regions: 2->3
[2025-03-01T10:12:46.645+0700][gc,heap     ] GC(0) Humongous regions: 0->0
[2025-03-01T10:12:46.645+0700][gc,metaspace] GC(0) Metaspace: 17210K(17472K)->17210K(17472K) NonClass: 15224K(15360K)->15224K(15360K) Class: 1986K(2112K)->1986K(2112K)
[2025-03-01T10:12:46.645+0700][gc          ] GC(0) Pause Young (Normal) (G1 Evacuation Pause) 52M->8M(1024M) 9.159ms
[2025-03-01T10:12:46.645+0700][gc,cpu      ] GC(0) User=0.04s Sys=0.01s Real=0.01s
[2025-03-01T10:12:47.041+0700][gc,start    ] GC(1) Pause Young (Concurrent Start) (Metadata GC Threshold)
[2025-03-01T10:12:47.041+0700][gc,task     ] GC(1) Using 8 workers of 8 for evacuation
[2025-03-01T10:12:47.052+0700][gc,phases   ] GC(1)   Pre Evacuate Collection Set: 0.5ms
[2025-03-01T10:12:47.052+0700][gc,phases   ] GC(1)   Merge Heap Roots: 0.1ms
[2025-03-01T10:12:47.052+0700][gc,phases   ] GC(1)   Evacuate Collection Set: 9.0ms
[2025-03-01T10:12:47.052+0700][gc,phases   ] GC(1)   Post Evacuate Collection Set: 0.8ms
[2025-03-01T10:12:47.052+0700][gc,phases   ] GC(1)   Other: 0.1ms
[2025-03-01T10:12:47.052+0700][gc,heap     ] GC(1) Eden regions: 16->0(49)
[2025-03-01T10:12:47.052+0700][gc,heap     ] GC(1) Survivor regions: 7->2(7)
[2025-03-01T10:12:47.052+0700][gc,heap     ] GC(1) Old regions: 3->10
[2025-03-01T10:12:47.052+0700][gc,heap     ] GC(1) Humongous regions: 0->0
[2025-03-01T10:12:47.052+0700][gc,metaspace] GC(1) Metaspace: 21284K(21504K)->21284K(21504K) NonClass: 18819K(18944K)->18819K(18944K) Class: 2465K(2560K)->2465K(2560K)
[2025-03-01T10:12:47.052+0700][gc          ] GC(1) Pause Young (Concurrent Start) (Metadata GC Threshold) 24M->10M(1024M) 10.782ms
[2025-03-01T10:12:47.052+0700][gc,cpu      ] GC(1) User=0.05s Sys=0.01s Real=0.01s
[2025-03-01T10:12:47.052+0700][gc          ] GC(2) Concurrent Mark Cycle
[2025-03-01T10:12:47.052+0700][gc,marking  ] GC(2) Concurrent Scan Root Regions
[2025-03-01T10:12:47.058+0700][gc,marking  ] GC(2) Concurrent Scan Root Regions 5.400ms
[2025-03-01T10:12:47.058+0700][gc,marking  ] GC(2) Concurrent Mark
[2025-03-01T10:12:47.058+0700][gc,marking  ] GC(2) Concurrent Mark From Roots
[2025-03-01T10:12:47.058+0700][gc,task     ] GC(2) Using 2 workers of 2 for marking
[2025-03-01T10:12:47.061+0700][gc,marking  ] GC(2) Concurrent Mark From Roots 3.045ms
[2025-03-01T10:12:47.061+0700][gc,marking  ] GC(2) Concurrent Preclean
[2025-03-01T10:12:47.061+0700][gc,marking  ] GC(2) Concurrent Preclean 0.017ms
[2025-03-01T10:12:47.061+0700][gc,start    ] GC(2) Pause Remark
[2025-03-01T10:12:47.064+0700][gc          ] GC(2) Pause Remark 11M->11M(1024M) 2.679ms
[2025-03-01T10:12:47.064+0700][gc,cpu      ] GC(2) User=0.01s Sys=0.00s Real=0.00s
[2025-03-01T10:12:47.064+0700][gc,marking  ] GC(2) Concurrent Mark 6.034ms
[2025-03-01T10:12:47.064+0700][gc,marking  ] GC(2) Concurrent Rebuild Remembered Sets and Scrub Regions
[2025-03-01T10:12:47.068+0700][gc,marking  ] GC(2) Concurrent Rebuild Remembered Sets and Scrub Regions 4.467ms
[2025-03-01T10:12:47.068+0700][gc,start    ] GC(2) Pause Cleanup
[2025-03-01T10:12:47.069+0700][gc          ] GC(2) Pause Cleanup 11M->11M(1024M) 0.306ms
[2025-03-01T10:12:47.069+0700][gc,cpu      ] GC(2) User=0.00s Sys=0.00s Real=0.00s
[2025-03-01T10:12:47.069+0700][gc,marking  ] GC(2) Concurrent Clear Claimed Marks
[2025-03-01T10:12:47.069+0700][gc,marking  ] GC(2) Concurrent Clear Claimed Marks 0.028ms
[2025-03-01T10:12:47.069+0700][gc,marking  ] GC(2) Concurrent Cleanup for Next Mark
[2025-03-01T10:12:47.076+0700][gc,marking  ] GC(2) Concurrent Cleanup for Next Mark 7.624ms
[2025-03-01T10:12:47.077+0700][gc          ] GC(2) Concurrent Mark Cycle 24.430ms
[2025-03-01T10:12:48.175+0700][gc,start    ] GC(3) Pause Young (Prepare Mixed) (G1 Evacuation Pause)
[2025-03-01T10:12:48.175+0700][gc,task     ] GC(3) Using 8 workers of 8 for evacuation
[2025-03-01T10:12:48.186+0700][gc,phases   ] GC(3)   Pre Evacuate Collection Set: 0.4ms
[2025-03-01T10:12:48.186+0700][gc,phases   ] GC(3)   Merge Heap Roots: 0.1ms
[2025-03-01T10:12:48.186+0700][gc,phases   ] GC(3)   Evacuate Collection Set: 9.5ms
[2025-03-01T10:12:48.186+0700][gc,phases   ] GC(3)   Post Evacuate Collection Set: 1.0ms
[2025-03-01T10:12:48.186+0700][gc,phases   ] GC(3)   Other: 0.1ms
[2025-03-01T10:12:48.186+0700][gc,heap     ] GC(3) Eden regions: 49->0(44)
[2025-03-01T10:12:48.186+0700][gc,heap     ] GC(3) Survivor regions: 2->7(7)
[2025-03-01T10:12:48.186+0700][gc,heap     ] GC(3) Old regions: 10->10
[2025-03-01T10:12:48.186+0700][gc,heap     ] GC(3) Humongous regions: 129->129
[2025-03-01T10:12:48.186+0700][gc,metaspace] GC(3) Metaspace: 32564K(32768K)->32564K(32768K) NonClass: 29074K(29184K)->29074K(29184K) Class: 3489K(3584K)->3489K(3584K)
[2025-03-01T10:12:48.186+0700][gc          ] GC(3) Pause Young (Prepare Mixed) (G1 Evacuation Pause) 188M->144M(1024M) 11.350ms
[2025-03-01T10:12:48.186+0700][gc,cpu      ] GC(3) User=0.07s Sys=0.00s Real=0.01s
[2025-03-01T10:12:48.460+0700][gc,start    ] GC(4) Pause Young (Mixed) (Metadata GC Threshold)
[2025-03-01T10:12:48.460+0700][gc,task     ] GC(4) Using 8 workers of 8 for evacuation
[2025-03-01T10:12:48.475+0700][gc,phases   ] GC(4)   Pre Evacuate Collection Set: 0.5ms
[2025-03-01T10:12:48.476+0700][gc,phases   ] GC(4)   Merge Heap Roots: 0.1ms
[2025-03-01T10:12:48.476+0700][gc,phases   ] GC(4)   Evacuate Collection Set: 12.3ms
[2025-03-01T10:12:48.476+0700][gc,phases   ] GC(4)   Post Evacuate Collection Set: 2.7ms
[2025-03-01T10:12:48.476+0700][gc,phases   ] GC(4)   Other: 0.2ms
[2025-03-01T10:12:48.476+0700][gc,heap     ] GC(4) Eden regions: 13->0(49)
[2025-03-01T10:12:48.476+0700][gc,heap     ] GC(4) Survivor regions: 7->2(7)
[2025-03-01T10:12:48.476+0700][gc,heap     ] GC(4) Old regions: 10->16
[2025-03-01T10:12:48.476+0700][gc,heap     ] GC(4) Humongous regions: 129->129
[2025-03-01T10:12:48.476+0700][gc,metaspace] GC(4) Metaspace: 35775K(35968K)->35775K(35968K) NonClass: 31945K(32064K)->31945K(32064K) Class: 3829K(3904K)->3829K(3904K)
[2025-03-01T10:12:48.476+0700][gc          ] GC(4) Pause Young (Mixed) (Metadata GC Threshold) 157M->145M(1024M) 16.195ms
[2025-03-01T10:12:48.476+0700][gc,cpu      ] GC(4) User=0.06s Sys=0.00s Real=0.02s
[2025-03-01T10:12:48.504+0700][gc,start    ] GC(5) Pause Young (Concurrent Start) (Metadata GC Threshold)
[2025-03-01T10:12:48.504+0700][gc,task     ] GC(5) Using 8 workers of 8 for evacuation
[2025-03-01T10:12:48.509+0700][gc,phases   ] GC(5)   Pre Evacuate Collection Set: 0.6ms
[2025-03-01T10:12:48.509+0700][gc,phases   ] GC(5)   Merge Heap Roots: 0.1ms
[2025-03-01T10:12:48.509+0700][gc,phases   ] GC(5)   Evacuate Collection Set: 3.2ms
[2025-03-01T10:12:48.509+0700][gc,phases   ] GC(5)   Post Evacuate Collection Set: 0.4ms
[2025-03-01T10:12:48.509+0700][gc,phases   ] GC(5)   Other: 0.1ms
[2025-03-01T10:12:48.509+0700][gc,heap     ] GC(5) Eden regions: 2->0(50)
[2025-03-01T10:12:48.509+0700][gc,heap     ] GC(5) Survivor regions: 2->1(7)
[2025-03-01T10:12:48.509+0700][gc,heap     ] GC(5) Old regions: 16->16
[2025-03-01T10:12:48.509+0700][gc,heap     ] GC(5) Humongous regions: 129->129
[2025-03-01T10:12:48.509+0700][gc,metaspace] GC(5) Metaspace: 36038K(36288K)->36038K(36288K) NonClass: 32165K(32320K)->32165K(32320K) Class: 3873K(3968K)->3873K(3968K)
[2025-03-01T10:12:48.509+0700][gc          ] GC(5) Pause Young (Concurrent Start) (Metadata GC Threshold) 147M->145M(1024M) 4.629ms
[2025-03-01T10:12:48.509+0700][gc,cpu      ] GC(5) User=0.03s Sys=0.00s Real=0.00s
[2025-03-01T10:12:48.509+0700][gc          ] GC(6) Concurrent Mark Cycle
[2025-03-01T10:12:48.509+0700][gc,marking  ] GC(6) Concurrent Scan Root Regions
[2025-03-01T10:12:48.512+0700][gc,marking  ] GC(6) Concurrent Scan Root Regions 3.086ms
[2025-03-01T10:12:48.512+0700][gc,marking  ] GC(6) Concurrent Mark
[2025-03-01T10:12:48.512+0700][gc,marking  ] GC(6) Concurrent Mark From Roots
[2025-03-01T10:12:48.512+0700][gc,task     ] GC(6) Using 2 workers of 2 for marking
[2025-03-01T10:12:48.539+0700][gc,marking  ] GC(6) Concurrent Mark From Roots 27.243ms
[2025-03-01T10:12:48.540+0700][gc,marking  ] GC(6) Concurrent Preclean
[2025-03-01T10:12:48.540+0700][gc,marking  ] GC(6) Concurrent Preclean 0.089ms
[2025-03-01T10:12:48.540+0700][gc,start    ] GC(6) Pause Remark
[2025-03-01T10:12:48.543+0700][gc          ] GC(6) Pause Remark 146M->146M(1024M) 3.609ms
[2025-03-01T10:12:48.543+0700][gc,cpu      ] GC(6) User=0.02s Sys=0.00s Real=0.00s
[2025-03-01T10:12:48.544+0700][gc,marking  ] GC(6) Concurrent Mark 31.299ms
[2025-03-01T10:12:48.544+0700][gc,marking  ] GC(6) Concurrent Rebuild Remembered Sets and Scrub Regions
[2025-03-01T10:12:48.556+0700][gc,marking  ] GC(6) Concurrent Rebuild Remembered Sets and Scrub Regions 12.022ms
[2025-03-01T10:12:48.556+0700][gc,start    ] GC(6) Pause Cleanup
[2025-03-01T10:12:48.556+0700][gc          ] GC(6) Pause Cleanup 146M->146M(1024M) 0.370ms
[2025-03-01T10:12:48.556+0700][gc,cpu      ] GC(6) User=0.00s Sys=0.00s Real=0.00s
[2025-03-01T10:12:48.556+0700][gc,marking  ] GC(6) Concurrent Clear Claimed Marks
[2025-03-01T10:12:48.557+0700][gc,marking  ] GC(6) Concurrent Clear Claimed Marks 0.052ms
[2025-03-01T10:12:48.557+0700][gc,marking  ] GC(6) Concurrent Cleanup for Next Mark
[2025-03-01T10:12:48.558+0700][gc,marking  ] GC(6) Concurrent Cleanup for Next Mark 1.478ms
[2025-03-01T10:12:48.558+0700][gc          ] GC(6) Concurrent Mark Cycle 48.999ms
[2025-03-01T10:31:57.532+0700][gc,start    ] GC(7) Pause Young (Prepare Mixed) (G1 Evacuation Pause)
[2025-03-01T10:31:57.532+0700][gc,task     ] GC(7) Using 8 workers of 8 for evacuation
[2025-03-01T10:31:57.538+0700][gc,phases   ] GC(7)   Pre Evacuate Collection Set: 0.3ms
[2025-03-01T10:31:57.538+0700][gc,phases   ] GC(7)   Merge Heap Roots: 0.1ms
[2025-03-01T10:31:57.538+0700][gc,phases   ] GC(7)   Evacuate Collection Set: 5.1ms
[2025-03-01T10:31:57.538+0700][gc,phases   ] GC(7)   Post Evacuate Collection Set: 0.8ms
[2025-03-01T10:31:57.538+0700][gc,phases   ] GC(7)   Other: 0.1ms
[2025-03-01T10:31:57.538+0700][gc,heap     ] GC(7) Eden regions: 50->0(46)
[2025-03-01T10:31:57.538+0700][gc,heap     ] GC(7) Survivor regions: 1->5(7)
[2025-03-01T10:31:57.538+0700][gc,heap     ] GC(7) Old regions: 16->16
[2025-03-01T10:31:57.538+0700][gc,heap     ] GC(7) Humongous regions: 129->129
[2025-03-01T10:31:57.538+0700][gc,metaspace] GC(7) Metaspace: 42651K(43200K)->42651K(43200K) NonClass: 37780K(38080K)->37780K(38080K) Class: 4870K(5120K)->4870K(5120K)
[2025-03-01T10:31:57.538+0700][gc          ] GC(7) Pause Young (Prepare Mixed) (G1 Evacuation Pause) 195M->148M(1024M) 6.587ms
[2025-03-01T10:31:57.538+0700][gc,cpu      ] GC(7) User=0.04s Sys=0.00s Real=0.00s
[2025-03-01T10:43:38.140+0700][gc,start    ] GC(8) Pause Young (Mixed) (G1 Evacuation Pause)
[2025-03-01T10:43:38.140+0700][gc,task     ] GC(8) Using 8 workers of 8 for evacuation
[2025-03-01T10:43:38.149+0700][gc,phases   ] GC(8)   Pre Evacuate Collection Set: 0.5ms
[2025-03-01T10:43:38.149+0700][gc,phases   ] GC(8)   Merge Heap Roots: 0.2ms
[2025-03-01T10:43:38.149+0700][gc,phases   ] GC(8)   Evacuate Collection Set: 7.2ms
[2025-03-01T10:43:38.149+0700][gc,phases   ] GC(8)   Post Evacuate Collection Set: 0.6ms
[2025-03-01T10:43:38.149+0700][gc,phases   ] GC(8)   Other: 0.1ms
[2025-03-01T10:43:38.149+0700][gc,heap     ] GC(8) Eden regions: 46->0(48)
[2025-03-01T10:43:38.149+0700][gc,heap     ] GC(8) Survivor regions: 5->3(7)
[2025-03-01T10:43:38.149+0700][gc,heap     ] GC(8) Old regions: 16->19
[2025-03-01T10:43:38.149+0700][gc,heap     ] GC(8) Humongous regions: 129->129
[2025-03-01T10:43:38.149+0700][gc,metaspace] GC(8) Metaspace: 44739K(45376K)->44739K(45376K) NonClass: 39622K(40000K)->39622K(40000K) Class: 5117K(5376K)->5117K(5376K)
[2025-03-01T10:43:38.149+0700][gc          ] GC(8) Pause Young (Mixed) (G1 Evacuation Pause) 194M->150M(1024M) 8.764ms
[2025-03-01T10:43:38.149+0700][gc,cpu      ] GC(8) User=0.05s Sys=0.01s Real=0.00s
[2025-03-01T10:57:24.653+0700][gc,start    ] GC(9) Pause Young (Normal) (G1 Evacuation Pause)
[2025-03-01T10:57:24.653+0700][gc,task     ] GC(9) Using 8 workers of 8 for evacuation
[2025-03-01T10:57:24.661+0700][gc,phases   ] GC(9)   Pre Evacuate Collection Set: 0.5ms
[2025-03-01T10:57:24.661+0700][gc,phases   ] GC(9)   Merge Heap Roots: 0.1ms
[2025-03-01T10:57:24.661+0700][gc,phases   ] GC(9)   Evacuate Collection Set: 6.6ms
[2025-03-01T10:57:24.661+0700][gc,phases   ] GC(9)   Post Evacuate Collection Set: 0.9ms
[2025-03-01T10:57:24.661+0700][gc,phases   ] GC(9)   Other: 0.2ms
[2025-03-01T10:57:24.661+0700][gc,heap     ] GC(9) Eden regions: 48->0(46)
[2025-03-01T10:57:24.661+0700][gc,heap     ] GC(9) Survivor regions: 3->5(7)
[2025-03-01T10:57:24.661+0700][gc,heap     ] GC(9) Old regions: 19->19
[2025-03-01T10:57:24.661+0700][gc,heap     ] GC(9) Humongous regions: 129->129
[2025-03-01T10:57:24.661+0700][gc,metaspace] GC(9) Metaspace: 44901K(45504K)->44901K(45504K) NonClass: 39784K(40128K)->39784K(40128K) Class: 5117K(5376K)->5117K(5376K)
[2025-03-01T10:57:24.661+0700][gc          ] GC(9) Pause Young (Normal) (G1 Evacuation Pause) 198M->152M(1024M) 8.659ms
[2025-03-01T10:57:24.661+0700][gc,cpu      ] GC(9) User=0.05s Sys=0.00s Real=0.01s
[2025-03-01T11:08:13.883+0700][gc,start    ] GC(10) Pause Young (Normal) (G1 Evacuation Pause)
[2025-03-01T11:08:13.883+0700][gc,task     ] GC(10) Using 8 workers of 8 for evacuation
[2025-03-01T11:08:13.893+0700][gc,phases   ] GC(10)   Pre Evacuate Collection Set: 0.3ms
[2025-03-01T11:08:13.893+0700][gc,phases   ] GC(10)   Merge Heap Roots: 0.1ms
[2025-03-01T11:08:13.893+0700][gc,phases   ] GC(10)   Evacuate Collection Set: 8.9ms
[2025-03-01T11:08:13.893+0700][gc,phases   ] GC(10)   Post Evacuate Collection Set: 0.9ms
[2025-03-01T11:08:13.893+0700][gc,phases   ] GC(10)   Other: 0.1ms
[2025-03-01T11:08:13.893+0700][gc,heap     ] GC(10) Eden regions: 46->0(45)
[2025-03-01T11:08:13.893+0700][gc,heap     ] GC(10) Survivor regions: 5->6(7)
[2025-03-01T11:08:13.893+0700][gc,heap     ] GC(10) Old regions: 19->21
[2025-03-01T11:08:13.893+0700][gc,heap     ] GC(10) Humongous regions: 129->129
[2025-03-01T11:08:13.893+0700][gc,metaspace] GC(10) Metaspace: 45312K(45888K)->45312K(45888K) NonClass: 40184K(40512K)->40184K(40512K) Class: 5128K(5376K)->5128K(5376K)
[2025-03-01T11:08:13.893+0700][gc          ] GC(10) Pause Young (Normal) (G1 Evacuation Pause) 198M->155M(1024M) 10.585ms
[2025-03-01T11:08:13.893+0700][gc,cpu      ] GC(10) User=0.06s Sys=0.01s Real=0.01s
[2025-03-01T11:11:52.706+0700][gc,start    ] GC(11) Pause Young (Normal) (G1 Evacuation Pause)
[2025-03-01T11:11:52.706+0700][gc,task     ] GC(11) Using 8 workers of 8 for evacuation
[2025-03-01T11:11:52.715+0700][gc,phases   ] GC(11)   Pre Evacuate Collection Set: 0.4ms
[2025-03-01T11:11:52.715+0700][gc,phases   ] GC(11)   Merge Heap Roots: 0.1ms
[2025-03-01T11:11:52.715+0700][gc,phases   ] GC(11)   Evacuate Collection Set: 8.4ms
[2025-03-01T11:11:52.715+0700][gc,phases   ] GC(11)   Post Evacuate Collection Set: 0.5ms
[2025-03-01T11:11:52.715+0700][gc,phases   ] GC(11)   Other: 0.1ms
[2025-03-01T11:11:52.715+0700][gc,heap     ] GC(11) Eden regions: 45->0(46)
[2025-03-01T11:11:52.715+0700][gc,heap     ] GC(11) Survivor regions: 6->5(7)
[2025-03-01T11:11:52.715+0700][gc,heap     ] GC(11) Old regions: 21->24
[2025-03-01T11:11:52.715+0700][gc,heap     ] GC(11) Humongous regions: 129->129
[2025-03-01T11:11:52.715+0700][gc,metaspace] GC(11) Metaspace: 45326K(45952K)->45326K(45952K) NonClass: 40197K(40576K)->40197K(40576K) Class: 5129K(5376K)->5129K(5376K)
[2025-03-01T11:11:52.716+0700][gc          ] GC(11) Pause Young (Normal) (G1 Evacuation Pause) 200M->157M(1024M) 9.637ms
[2025-03-01T11:11:52.716+0700][gc,cpu      ] GC(11) User=0.06s Sys=0.01s Real=0.01s
[2025-03-01T11:19:38.493+0700][gc,start    ] GC(12) Pause Young (Normal) (G1 Evacuation Pause)
[2025-03-01T11:19:38.493+0700][gc,task     ] GC(12) Using 8 workers of 8 for evacuation
[2025-03-01T11:19:38.503+0700][gc,phases   ] GC(12)   Pre Evacuate Collection Set: 0.4ms
[2025-03-01T11:19:38.503+0700][gc,phases   ] GC(12)   Merge Heap Roots: 0.1ms
[2025-03-01T11:19:38.503+0700][gc,phases   ] GC(12)   Evacuate Collection Set: 9.2ms
[2025-03-01T11:19:38.503+0700][gc,phases   ] GC(12)   Post Evacuate Collection Set: 0.5ms
[2025-03-01T11:19:38.503+0700][gc,phases   ] GC(12)   Other: 0.1ms
[2025-03-01T11:19:38.503+0700][gc,heap     ] GC(12) Eden regions: 46->0(45)
[2025-03-01T11:19:38.503+0700][gc,heap     ] GC(12) Survivor regions: 5->6(7)
[2025-03-01T11:19:38.503+0700][gc,heap     ] GC(12) Old regions: 24->26
[2025-03-01T11:19:38.503+0700][gc,heap     ] GC(12) Humongous regions: 129->129
[2025-03-01T11:19:38.503+0700][gc,metaspace] GC(12) Metaspace: 45415K(46016K)->45415K(46016K) NonClass: 40282K(40640K)->40282K(40640K) Class: 5132K(5376K)->5132K(5376K)
[2025-03-01T11:19:38.503+0700][gc          ] GC(12) Pause Young (Normal) (G1 Evacuation Pause) 203M->160M(1024M) 10.679ms
[2025-03-01T11:19:38.503+0700][gc,cpu      ] GC(12) User=0.07s Sys=0.00s Real=0.01s
[2025-03-01T12:31:51.523+0700][gc,start    ] GC(13) Pause Young (Normal) (G1 Evacuation Pause)
[2025-03-01T12:31:51.523+0700][gc,task     ] GC(13) Using 8 workers of 8 for evacuation
[2025-03-01T12:31:51.532+0700][gc,phases   ] GC(13)   Pre Evacuate Collection Set: 0.4ms
[2025-03-01T12:31:51.532+0700][gc,phases   ] GC(13)   Merge Heap Roots: 0.2ms
[2025-03-01T12:31:51.532+0700][gc,phases   ] GC(13)   Evacuate Collection Set: 7.2ms
[2025-03-01T12:31:51.532+0700][gc,phases   ] GC(13)   Post Evacuate Collection Set: 0.5ms
[2025-03-01T12:31:51.532+0700][gc,phases   ] GC(13)   Other: 0.1ms
[2025-03-01T12:31:51.532+0700][gc,heap     ] GC(13) Eden regions: 45->0(64)
[2025-03-01T12:31:51.532+0700][gc,heap     ] GC(13) Survivor regions: 6->2(7)
[2025-03-01T12:31:51.532+0700][gc,heap     ] GC(13) Old regions: 26->30
[2025-03-01T12:31:51.532+0700][gc,heap     ] GC(13) Humongous regions: 129->129
[2025-03-01T12:31:51.532+0700][gc,metaspace] GC(13) Metaspace: 45453K(46016K)->45453K(46016K) NonClass: 40321K(40640K)->40321K(40640K) Class: 5132K(5376K)->5132K(5376K)
[2025-03-01T12:31:51.532+0700][gc          ] GC(13) Pause Young (Normal) (G1 Evacuation Pause) 205M->160M(1024M) 8.648ms
[2025-03-01T12:31:51.532+0700][gc,cpu      ] GC(13) User=0.05s Sys=0.01s Real=0.01s
[2025-03-01T13:06:56.444+0700][gc,start    ] GC(14) Pause Young (Normal) (G1 Evacuation Pause)
[2025-03-01T13:06:56.444+0700][gc,task     ] GC(14) Using 8 workers of 8 for evacuation
[2025-03-01T13:06:56.449+0700][gc,phases   ] GC(14)   Pre Evacuate Collection Set: 0.4ms
[2025-03-01T13:06:56.449+0700][gc,phases   ] GC(14)   Merge Heap Roots: 0.1ms
[2025-03-01T13:06:56.449+0700][gc,phases   ] GC(14)   Evacuate Collection Set: 3.6ms
[2025-03-01T13:06:56.449+0700][gc,phases   ] GC(14)   Post Evacuate Collection Set: 0.5ms
[2025-03-01T13:06:56.449+0700][gc,phases   ] GC(14)   Other: 0.1ms
[2025-03-01T13:06:56.449+0700][gc,heap     ] GC(14) Eden regions: 102->0(308)
[2025-03-01T13:06:56.449+0700][gc,heap     ] GC(14) Survivor regions: 2->3(13)
[2025-03-01T13:06:56.449+0700][gc,heap     ] GC(14) Old regions: 30->30
[2025-03-01T13:06:56.449+0700][gc,heap     ] GC(14) Humongous regions: 129->129
[2025-03-01T13:06:56.449+0700][gc,metaspace] GC(14) Metaspace: 45470K(46016K)->45470K(46016K) NonClass: 40338K(40640K)->40338K(40640K) Class: 5132K(5376K)->5132K(5376K)
[2025-03-01T13:06:56.449+0700][gc          ] GC(14) Pause Young (Normal) (G1 Evacuation Pause) 262M->160M(1024M) 5.026ms
[2025-03-01T13:06:56.449+0700][gc,cpu      ] GC(14) User=0.03s Sys=0.01s Real=0.00s
