[2025-03-01T10:06:28.416+0700][gc,init] CardTable entry size: 512
[2025-03-01T10:06:28.417+0700][gc     ] Using G1
[2025-03-01T10:06:28.429+0700][gc,init] Version: 21.0.6+7-Ubuntu-124.04.1 (release)
[2025-03-01T10:06:28.429+0700][gc,init] CPUs: 8 total, 8 available
[2025-03-01T10:06:28.429+0700][gc,init] Memory: 15736M
[2025-03-01T10:06:28.429+0700][gc,init] Large Page Support: Disabled
[2025-03-01T10:06:28.429+0700][gc,init] NUMA Support: Disabled
[2025-03-01T10:06:28.429+0700][gc,init] Compressed Oops: Enabled (32-bit)
[2025-03-01T10:06:28.429+0700][gc,init] Heap Region Size: 1M
[2025-03-01T10:06:28.429+0700][gc,init] Heap Min Capacity: 1G
[2025-03-01T10:06:28.429+0700][gc,init] Heap Initial Capacity: 1G
[2025-03-01T10:06:28.429+0700][gc,init] Heap Max Capacity: 1G
[2025-03-01T10:06:28.429+0700][gc,init] Pre-touch: Disabled
[2025-03-01T10:06:28.430+0700][gc,init] Parallel Workers: 8
[2025-03-01T10:06:28.430+0700][gc,init] Concurrent Workers: 2
[2025-03-01T10:06:28.430+0700][gc,init] Concurrent Refinement Workers: 8
[2025-03-01T10:06:28.430+0700][gc,init] Periodic GC: Disabled
[2025-03-01T10:06:28.441+0700][gc,metaspace] CDS archive(s) mapped at: [0x00007b4bdb000000-0x00007b4bdbc97000-0x00007b4bdbc97000), size 13201408, SharedBaseAddress: 0x00007b4bdb000000, ArchiveRelocationMode: 1.
[2025-03-01T10:06:28.441+0700][gc,metaspace] Compressed class space mapped at: 0x00007b4bdc000000-0x00007b4c1c000000, reserved size: 1073741824
[2025-03-01T10:06:28.441+0700][gc,metaspace] Narrow klass base: 0x00007b4bdb000000, Narrow klass shift: 0, Narrow klass range: 0x100000000
[2025-03-01T10:06:30.101+0700][gc,start    ] GC(0) Pause Young (Normal) (G1 Evacuation Pause)
[2025-03-01T10:06:30.102+0700][gc,task     ] GC(0) Using 8 workers of 8 for evacuation
[2025-03-01T10:06:30.109+0700][gc,phases   ] GC(0)   Pre Evacuate Collection Set: 0.2ms
[2025-03-01T10:06:30.109+0700][gc,phases   ] GC(0)   Merge Heap Roots: 0.1ms
[2025-03-01T10:06:30.109+0700][gc,phases   ] GC(0)   Evacuate Collection Set: 5.7ms
[2025-03-01T10:06:30.109+0700][gc,phases   ] GC(0)   Post Evacuate Collection Set: 0.7ms
[2025-03-01T10:06:30.109+0700][gc,phases   ] GC(0)   Other: 1.4ms
[2025-03-01T10:06:30.109+0700][gc,heap     ] GC(0) Eden regions: 51->0(44)
[2025-03-01T10:06:30.109+0700][gc,heap     ] GC(0) Survivor regions: 0->7(7)
[2025-03-01T10:06:30.109+0700][gc,heap     ] GC(0) Old regions: 2->4
[2025-03-01T10:06:30.109+0700][gc,heap     ] GC(0) Humongous regions: 0->0
[2025-03-01T10:06:30.109+0700][gc,metaspace] GC(0) Metaspace: 17340K(17472K)->17340K(17472K) NonClass: 15423K(15488K)->15423K(15488K) Class: 1917K(1984K)->1917K(1984K)
[2025-03-01T10:06:30.109+0700][gc          ] GC(0) Pause Young (Normal) (G1 Evacuation Pause) 52M->9M(1024M) 8.463ms
[2025-03-01T10:06:30.109+0700][gc,cpu      ] GC(0) User=0.04s Sys=0.01s Real=0.00s
[2025-03-01T10:06:30.318+0700][gc,start    ] GC(1) Pause Young (Concurrent Start) (Metadata GC Threshold)
[2025-03-01T10:06:30.318+0700][gc,task     ] GC(1) Using 8 workers of 8 for evacuation
[2025-03-01T10:06:30.323+0700][gc,phases   ] GC(1)   Pre Evacuate Collection Set: 0.3ms
[2025-03-01T10:06:30.323+0700][gc,phases   ] GC(1)   Merge Heap Roots: 0.1ms
[2025-03-01T10:06:30.323+0700][gc,phases   ] GC(1)   Evacuate Collection Set: 4.9ms
[2025-03-01T10:06:30.323+0700][gc,phases   ] GC(1)   Post Evacuate Collection Set: 0.4ms
[2025-03-01T10:06:30.323+0700][gc,phases   ] GC(1)   Other: 0.1ms
[2025-03-01T10:06:30.323+0700][gc,heap     ] GC(1) Eden regions: 13->0(49)
[2025-03-01T10:06:30.323+0700][gc,heap     ] GC(1) Survivor regions: 7->2(7)
[2025-03-01T10:06:30.323+0700][gc,heap     ] GC(1) Old regions: 4->11
[2025-03-01T10:06:30.323+0700][gc,heap     ] GC(1) Humongous regions: 0->0
[2025-03-01T10:06:30.323+0700][gc,metaspace] GC(1) Metaspace: 21242K(21504K)->21242K(21504K) NonClass: 19078K(19264K)->19078K(19264K) Class: 2163K(2240K)->2163K(2240K)
[2025-03-01T10:06:30.323+0700][gc          ] GC(1) Pause Young (Concurrent Start) (Metadata GC Threshold) 22M->10M(1024M) 5.924ms
[2025-03-01T10:06:30.324+0700][gc,cpu      ] GC(1) User=0.03s Sys=0.01s Real=0.01s
[2025-03-01T10:06:30.324+0700][gc          ] GC(2) Concurrent Mark Cycle
[2025-03-01T10:06:30.324+0700][gc,marking  ] GC(2) Concurrent Scan Root Regions
[2025-03-01T10:06:30.327+0700][gc,marking  ] GC(2) Concurrent Scan Root Regions 2.994ms
[2025-03-01T10:06:30.327+0700][gc,marking  ] GC(2) Concurrent Mark
[2025-03-01T10:06:30.327+0700][gc,marking  ] GC(2) Concurrent Mark From Roots
[2025-03-01T10:06:30.327+0700][gc,task     ] GC(2) Using 2 workers of 2 for marking
[2025-03-01T10:06:30.329+0700][gc,marking  ] GC(2) Concurrent Mark From Roots 2.816ms
[2025-03-01T10:06:30.329+0700][gc,marking  ] GC(2) Concurrent Preclean
[2025-03-01T10:06:30.329+0700][gc,marking  ] GC(2) Concurrent Preclean 0.010ms
[2025-03-01T10:06:30.330+0700][gc,start    ] GC(2) Pause Remark
[2025-03-01T10:06:30.332+0700][gc          ] GC(2) Pause Remark 11M->11M(1024M) 2.286ms
[2025-03-01T10:06:30.332+0700][gc,cpu      ] GC(2) User=0.01s Sys=0.00s Real=0.01s
[2025-03-01T10:06:30.332+0700][gc,marking  ] GC(2) Concurrent Mark 5.335ms
[2025-03-01T10:06:30.332+0700][gc,marking  ] GC(2) Concurrent Rebuild Remembered Sets and Scrub Regions
[2025-03-01T10:06:30.336+0700][gc,marking  ] GC(2) Concurrent Rebuild Remembered Sets and Scrub Regions 3.593ms
[2025-03-01T10:06:30.336+0700][gc,start    ] GC(2) Pause Cleanup
[2025-03-01T10:06:30.336+0700][gc          ] GC(2) Pause Cleanup 11M->11M(1024M) 0.239ms
[2025-03-01T10:06:30.336+0700][gc,cpu      ] GC(2) User=0.00s Sys=0.00s Real=0.00s
[2025-03-01T10:06:30.336+0700][gc,marking  ] GC(2) Concurrent Clear Claimed Marks
[2025-03-01T10:06:30.336+0700][gc,marking  ] GC(2) Concurrent Clear Claimed Marks 0.054ms
[2025-03-01T10:06:30.336+0700][gc,marking  ] GC(2) Concurrent Cleanup for Next Mark
[2025-03-01T10:06:30.344+0700][gc,marking  ] GC(2) Concurrent Cleanup for Next Mark 7.599ms
[2025-03-01T10:06:30.344+0700][gc          ] GC(2) Concurrent Mark Cycle 20.434ms
[2025-03-01T10:06:31.448+0700][gc,start    ] GC(3) Pause Young (Prepare Mixed) (G1 Evacuation Pause)
[2025-03-01T10:06:31.448+0700][gc,task     ] GC(3) Using 8 workers of 8 for evacuation
[2025-03-01T10:06:31.467+0700][gc,phases   ] GC(3)   Pre Evacuate Collection Set: 0.5ms
[2025-03-01T10:06:31.467+0700][gc,phases   ] GC(3)   Merge Heap Roots: 0.1ms
[2025-03-01T10:06:31.467+0700][gc,phases   ] GC(3)   Evacuate Collection Set: 17.0ms
[2025-03-01T10:06:31.467+0700][gc,phases   ] GC(3)   Post Evacuate Collection Set: 1.6ms
[2025-03-01T10:06:31.467+0700][gc,phases   ] GC(3)   Other: 0.1ms
[2025-03-01T10:06:31.467+0700][gc,heap     ] GC(3) Eden regions: 49->0(47)
[2025-03-01T10:06:31.467+0700][gc,heap     ] GC(3) Survivor regions: 2->4(7)
[2025-03-01T10:06:31.467+0700][gc,heap     ] GC(3) Old regions: 11->11
[2025-03-01T10:06:31.467+0700][gc,heap     ] GC(3) Humongous regions: 9->9
[2025-03-01T10:06:31.467+0700][gc,metaspace] GC(3) Metaspace: 32604K(32960K)->32604K(32960K) NonClass: 29058K(29248K)->29058K(29248K) Class: 3545K(3712K)->3545K(3712K)
[2025-03-01T10:06:31.467+0700][gc          ] GC(3) Pause Young (Prepare Mixed) (G1 Evacuation Pause) 68M->22M(1024M) 19.612ms
[2025-03-01T10:06:31.467+0700][gc,cpu      ] GC(3) User=0.03s Sys=0.00s Real=0.02s
[2025-03-01T10:06:31.784+0700][gc,start    ] GC(4) Pause Young (Mixed) (Metadata GC Threshold)
[2025-03-01T10:06:31.784+0700][gc,task     ] GC(4) Using 8 workers of 8 for evacuation
[2025-03-01T10:06:31.793+0700][gc,phases   ] GC(4)   Pre Evacuate Collection Set: 0.4ms
[2025-03-01T10:06:31.793+0700][gc,phases   ] GC(4)   Merge Heap Roots: 0.1ms
[2025-03-01T10:06:31.793+0700][gc,phases   ] GC(4)   Evacuate Collection Set: 7.8ms
[2025-03-01T10:06:31.793+0700][gc,phases   ] GC(4)   Post Evacuate Collection Set: 0.7ms
[2025-03-01T10:06:31.793+0700][gc,phases   ] GC(4)   Other: 0.1ms
[2025-03-01T10:06:31.793+0700][gc,heap     ] GC(4) Eden regions: 22->0(44)
[2025-03-01T10:06:31.793+0700][gc,heap     ] GC(4) Survivor regions: 4->7(7)
[2025-03-01T10:06:31.793+0700][gc,heap     ] GC(4) Old regions: 11->11
[2025-03-01T10:06:31.793+0700][gc,heap     ] GC(4) Humongous regions: 9->9
[2025-03-01T10:06:31.793+0700][gc,metaspace] GC(4) Metaspace: 35618K(35968K)->35618K(35968K) NonClass: 31722K(31936K)->31722K(31936K) Class: 3896K(4032K)->3896K(4032K)
[2025-03-01T10:06:31.793+0700][gc          ] GC(4) Pause Young (Mixed) (Metadata GC Threshold) 44M->25M(1024M) 9.297ms
[2025-03-01T10:06:31.793+0700][gc,cpu      ] GC(4) User=0.05s Sys=0.01s Real=0.01s
[2025-03-01T10:06:31.824+0700][gc,start    ] GC(5) Pause Young (Concurrent Start) (Metadata GC Threshold)
[2025-03-01T10:06:31.824+0700][gc,task     ] GC(5) Using 8 workers of 8 for evacuation
[2025-03-01T10:06:31.833+0700][gc,phases   ] GC(5)   Pre Evacuate Collection Set: 0.4ms
[2025-03-01T10:06:31.833+0700][gc,phases   ] GC(5)   Merge Heap Roots: 0.1ms
[2025-03-01T10:06:31.833+0700][gc,phases   ] GC(5)   Evacuate Collection Set: 7.2ms
[2025-03-01T10:06:31.833+0700][gc,phases   ] GC(5)   Post Evacuate Collection Set: 0.7ms
[2025-03-01T10:06:31.833+0700][gc,phases   ] GC(5)   Other: 0.1ms
[2025-03-01T10:06:31.833+0700][gc,heap     ] GC(5) Eden regions: 2->0(47)
[2025-03-01T10:06:31.833+0700][gc,heap     ] GC(5) Survivor regions: 7->4(7)
[2025-03-01T10:06:31.833+0700][gc,heap     ] GC(5) Old regions: 11->14
[2025-03-01T10:06:31.833+0700][gc,heap     ] GC(5) Humongous regions: 9->9
[2025-03-01T10:06:31.833+0700][gc,metaspace] GC(5) Metaspace: 35962K(36288K)->35962K(36288K) NonClass: 32052K(32256K)->32052K(32256K) Class: 3909K(4032K)->3909K(4032K)
[2025-03-01T10:06:31.833+0700][gc          ] GC(5) Pause Young (Concurrent Start) (Metadata GC Threshold) 27M->26M(1024M) 8.722ms
[2025-03-01T10:06:31.833+0700][gc,cpu      ] GC(5) User=0.05s Sys=0.00s Real=0.01s
[2025-03-01T10:06:31.833+0700][gc          ] GC(6) Concurrent Mark Cycle
[2025-03-01T10:06:31.833+0700][gc,marking  ] GC(6) Concurrent Scan Root Regions
[2025-03-01T10:06:31.839+0700][gc,marking  ] GC(6) Concurrent Scan Root Regions 5.705ms
[2025-03-01T10:06:31.839+0700][gc,marking  ] GC(6) Concurrent Mark
[2025-03-01T10:06:31.839+0700][gc,marking  ] GC(6) Concurrent Mark From Roots
[2025-03-01T10:06:31.839+0700][gc,task     ] GC(6) Using 2 workers of 2 for marking
[2025-03-01T10:06:31.854+0700][gc,marking  ] GC(6) Concurrent Mark From Roots 15.185ms
[2025-03-01T10:06:31.854+0700][gc,marking  ] GC(6) Concurrent Preclean
[2025-03-01T10:06:31.854+0700][gc,marking  ] GC(6) Concurrent Preclean 0.073ms
[2025-03-01T10:06:31.854+0700][gc,start    ] GC(6) Pause Remark
[2025-03-01T10:06:31.857+0700][gc          ] GC(6) Pause Remark 26M->26M(1024M) 2.816ms
[2025-03-01T10:06:31.857+0700][gc,cpu      ] GC(6) User=0.01s Sys=0.00s Real=0.00s
[2025-03-01T10:06:31.857+0700][gc,marking  ] GC(6) Concurrent Mark 18.450ms
[2025-03-01T10:06:31.857+0700][gc,marking  ] GC(6) Concurrent Rebuild Remembered Sets and Scrub Regions
[2025-03-01T10:06:31.865+0700][gc,marking  ] GC(6) Concurrent Rebuild Remembered Sets and Scrub Regions 8.110ms
[2025-03-01T10:06:31.865+0700][gc,start    ] GC(6) Pause Cleanup
[2025-03-01T10:06:31.866+0700][gc          ] GC(6) Pause Cleanup 27M->27M(1024M) 0.264ms
[2025-03-01T10:06:31.866+0700][gc,cpu      ] GC(6) User=0.00s Sys=0.00s Real=0.00s
[2025-03-01T10:06:31.866+0700][gc,marking  ] GC(6) Concurrent Clear Claimed Marks
[2025-03-01T10:06:31.866+0700][gc,marking  ] GC(6) Concurrent Clear Claimed Marks 0.067ms
[2025-03-01T10:06:31.866+0700][gc,marking  ] GC(6) Concurrent Cleanup for Next Mark
[2025-03-01T10:06:31.867+0700][gc,marking  ] GC(6) Concurrent Cleanup for Next Mark 0.968ms
[2025-03-01T10:06:31.867+0700][gc          ] GC(6) Concurrent Mark Cycle 34.009ms
[2025-03-01T10:09:57.506+0700][gc,heap,exit] Heap
[2025-03-01T10:09:57.507+0700][gc,heap,exit]  garbage-first heap   total 1048576K, used 202659K [0x00000000c0000000, 0x0000000100000000)
[2025-03-01T10:09:57.507+0700][gc,heap,exit]   region size 1024K, 47 young (48128K), 4 survivors (4096K)
[2025-03-01T10:09:57.507+0700][gc,heap,exit]  Metaspace       used 41304K, committed 41664K, reserved 1114112K
[2025-03-01T10:09:57.507+0700][gc,heap,exit]   class space    used 4487K, committed 4672K, reserved 1048576K
