[2025-03-01T10:12:07.103+0700][gc,init] CardTable entry size: 512
[2025-03-01T10:12:07.103+0700][gc     ] Using G1
[2025-03-01T10:12:07.110+0700][gc,init] Version: 21.0.6+7-Ubuntu-124.04.1 (release)
[2025-03-01T10:12:07.110+0700][gc,init] CPUs: 8 total, 8 available
[2025-03-01T10:12:07.110+0700][gc,init] Memory: 15736M
[2025-03-01T10:12:07.110+0700][gc,init] Large Page Support: Disabled
[2025-03-01T10:12:07.110+0700][gc,init] NUMA Support: Disabled
[2025-03-01T10:12:07.110+0700][gc,init] Compressed Oops: Enabled (32-bit)
[2025-03-01T10:12:07.110+0700][gc,init] Heap Region Size: 1M
[2025-03-01T10:12:07.110+0700][gc,init] Heap Min Capacity: 512M
[2025-03-01T10:12:07.110+0700][gc,init] Heap Initial Capacity: 512M
[2025-03-01T10:12:07.110+0700][gc,init] Heap Max Capacity: 512M
[2025-03-01T10:12:07.110+0700][gc,init] Pre-touch: Disabled
[2025-03-01T10:12:07.110+0700][gc,init] Parallel Workers: 8
[2025-03-01T10:12:07.110+0700][gc,init] Concurrent Workers: 2
[2025-03-01T10:12:07.110+0700][gc,init] Concurrent Refinement Workers: 8
[2025-03-01T10:12:07.110+0700][gc,init] Periodic GC: Disabled
[2025-03-01T10:12:07.122+0700][gc,metaspace] CDS archive(s) mapped at: [0x0000702eef000000-0x0000702eefc97000-0x0000702eefc97000), size 13201408, SharedBaseAddress: 0x0000702eef000000, ArchiveRelocationMode: 1.
[2025-03-01T10:12:07.122+0700][gc,metaspace] Compressed class space mapped at: 0x0000702ef0000000-0x0000702f30000000, reserved size: 1073741824
[2025-03-01T10:12:07.122+0700][gc,metaspace] Narrow klass base: 0x0000702eef000000, Narrow klass shift: 0, Narrow klass range: 0x100000000
[2025-03-01T10:12:07.962+0700][gc,start    ] GC(0) Pause Young (Normal) (G1 Evacuation Pause)
[2025-03-01T10:12:07.963+0700][gc,task     ] GC(0) Using 8 workers of 8 for evacuation
[2025-03-01T10:12:07.973+0700][gc,phases   ] GC(0)   Pre Evacuate Collection Set: 0.3ms
[2025-03-01T10:12:07.973+0700][gc,phases   ] GC(0)   Merge Heap Roots: 0.2ms
[2025-03-01T10:12:07.973+0700][gc,phases   ] GC(0)   Evacuate Collection Set: 7.3ms
[2025-03-01T10:12:07.973+0700][gc,phases   ] GC(0)   Post Evacuate Collection Set: 1.3ms
[2025-03-01T10:12:07.973+0700][gc,phases   ] GC(0)   Other: 1.4ms
[2025-03-01T10:12:07.973+0700][gc,heap     ] GC(0) Eden regions: 25->0(21)
[2025-03-01T10:12:07.973+0700][gc,heap     ] GC(0) Survivor regions: 0->4(4)
[2025-03-01T10:12:07.973+0700][gc,heap     ] GC(0) Old regions: 2->7
[2025-03-01T10:12:07.973+0700][gc,heap     ] GC(0) Humongous regions: 0->0
[2025-03-01T10:12:07.973+0700][gc,metaspace] GC(0) Metaspace: 7821K(8000K)->7821K(8000K) NonClass: 7015K(7104K)->7015K(7104K) Class: 805K(896K)->805K(896K)
[2025-03-01T10:12:07.973+0700][gc          ] GC(0) Pause Young (Normal) (G1 Evacuation Pause) 26M->9M(512M) 10.805ms
[2025-03-01T10:12:07.973+0700][gc,cpu      ] GC(0) User=0.03s Sys=0.02s Real=0.01s
[2025-03-01T11:07:43.260+0700][gc,start    ] GC(1) Pause Young (Normal) (G1 Evacuation Pause)
[2025-03-01T11:07:43.260+0700][gc,task     ] GC(1) Using 8 workers of 8 for evacuation
[2025-03-01T11:07:43.266+0700][gc,phases   ] GC(1)   Pre Evacuate Collection Set: 0.3ms
[2025-03-01T11:07:43.266+0700][gc,phases   ] GC(1)   Merge Heap Roots: 0.1ms
[2025-03-01T11:07:43.266+0700][gc,phases   ] GC(1)   Evacuate Collection Set: 4.5ms
[2025-03-01T11:07:43.266+0700][gc,phases   ] GC(1)   Post Evacuate Collection Set: 0.6ms
[2025-03-01T11:07:43.266+0700][gc,phases   ] GC(1)   Other: 0.1ms
[2025-03-01T11:07:43.266+0700][gc,heap     ] GC(1) Eden regions: 21->0(24)
[2025-03-01T11:07:43.266+0700][gc,heap     ] GC(1) Survivor regions: 4->1(4)
[2025-03-01T11:07:43.266+0700][gc,heap     ] GC(1) Old regions: 7->11
[2025-03-01T11:07:43.266+0700][gc,heap     ] GC(1) Humongous regions: 0->0
[2025-03-01T11:07:43.266+0700][gc,metaspace] GC(1) Metaspace: 9661K(9792K)->9661K(9792K) NonClass: 8708K(8768K)->8708K(8768K) Class: 952K(1024K)->952K(1024K)
[2025-03-01T11:07:43.266+0700][gc          ] GC(1) Pause Young (Normal) (G1 Evacuation Pause) 30M->10M(512M) 5.914ms
[2025-03-01T11:07:43.266+0700][gc,cpu      ] GC(1) User=0.03s Sys=0.00s Real=0.00s
[2025-03-01T11:10:55.480+0700][gc,start    ] GC(2) Pause Young (Normal) (G1 Evacuation Pause)
[2025-03-01T11:10:55.480+0700][gc,task     ] GC(2) Using 8 workers of 8 for evacuation
[2025-03-01T11:10:55.482+0700][gc,phases   ] GC(2)   Pre Evacuate Collection Set: 0.2ms
[2025-03-01T11:10:55.482+0700][gc,phases   ] GC(2)   Merge Heap Roots: 0.1ms
[2025-03-01T11:10:55.482+0700][gc,phases   ] GC(2)   Evacuate Collection Set: 1.1ms
[2025-03-01T11:10:55.482+0700][gc,phases   ] GC(2)   Post Evacuate Collection Set: 0.7ms
[2025-03-01T11:10:55.482+0700][gc,phases   ] GC(2)   Other: 0.1ms
[2025-03-01T11:10:55.482+0700][gc,heap     ] GC(2) Eden regions: 24->0(24)
[2025-03-01T11:10:55.482+0700][gc,heap     ] GC(2) Survivor regions: 1->1(4)
[2025-03-01T11:10:55.482+0700][gc,heap     ] GC(2) Old regions: 11->11
[2025-03-01T11:10:55.482+0700][gc,heap     ] GC(2) Humongous regions: 0->0
[2025-03-01T11:10:55.482+0700][gc,metaspace] GC(2) Metaspace: 9663K(9856K)->9663K(9856K) NonClass: 8710K(8832K)->8710K(8832K) Class: 952K(1024K)->952K(1024K)
[2025-03-01T11:10:55.482+0700][gc          ] GC(2) Pause Young (Normal) (G1 Evacuation Pause) 34M->9M(512M) 2.361ms
[2025-03-01T11:10:55.482+0700][gc,cpu      ] GC(2) User=0.01s Sys=0.00s Real=0.01s
[2025-03-01T12:57:45.313+0700][gc,start    ] GC(3) Pause Young (Normal) (G1 Evacuation Pause)
[2025-03-01T12:57:45.313+0700][gc,task     ] GC(3) Using 8 workers of 8 for evacuation
[2025-03-01T12:57:45.315+0700][gc,phases   ] GC(3)   Pre Evacuate Collection Set: 0.2ms
[2025-03-01T12:57:45.315+0700][gc,phases   ] GC(3)   Merge Heap Roots: 0.1ms
[2025-03-01T12:57:45.315+0700][gc,phases   ] GC(3)   Evacuate Collection Set: 1.3ms
[2025-03-01T12:57:45.315+0700][gc,phases   ] GC(3)   Post Evacuate Collection Set: 0.5ms
[2025-03-01T12:57:45.315+0700][gc,phases   ] GC(3)   Other: 0.1ms
[2025-03-01T12:57:45.315+0700][gc,heap     ] GC(3) Eden regions: 24->0(24)
[2025-03-01T12:57:45.315+0700][gc,heap     ] GC(3) Survivor regions: 1->1(4)
[2025-03-01T12:57:45.315+0700][gc,heap     ] GC(3) Old regions: 11->11
[2025-03-01T12:57:45.315+0700][gc,heap     ] GC(3) Humongous regions: 0->0
[2025-03-01T12:57:45.315+0700][gc,metaspace] GC(3) Metaspace: 9671K(9856K)->9671K(9856K) NonClass: 8718K(8832K)->8718K(8832K) Class: 952K(1024K)->952K(1024K)
[2025-03-01T12:57:45.315+0700][gc          ] GC(3) Pause Young (Normal) (G1 Evacuation Pause) 33M->9M(512M) 2.417ms
[2025-03-01T12:57:45.315+0700][gc,cpu      ] GC(3) User=0.00s Sys=0.00s Real=0.00s
