[2025-03-01T10:11:42.691+0700][gc,init] CardTable entry size: 512
[2025-03-01T10:11:42.691+0700][gc     ] Using G1
[2025-03-01T10:11:42.698+0700][gc,init] Version: 21.0.6+7-Ubuntu-124.04.1 (release)
[2025-03-01T10:11:42.698+0700][gc,init] CPUs: 8 total, 8 available
[2025-03-01T10:11:42.698+0700][gc,init] Memory: 15736M
[2025-03-01T10:11:42.698+0700][gc,init] Large Page Support: Disabled
[2025-03-01T10:11:42.698+0700][gc,init] NUMA Support: Disabled
[2025-03-01T10:11:42.698+0700][gc,init] Compressed Oops: Enabled (32-bit)
[2025-03-01T10:11:42.698+0700][gc,init] Heap Region Size: 1M
[2025-03-01T10:11:42.698+0700][gc,init] Heap Min Capacity: 512M
[2025-03-01T10:11:42.698+0700][gc,init] Heap Initial Capacity: 512M
[2025-03-01T10:11:42.698+0700][gc,init] Heap Max Capacity: 512M
[2025-03-01T10:11:42.698+0700][gc,init] Pre-touch: Disabled
[2025-03-01T10:11:42.698+0700][gc,init] Parallel Workers: 8
[2025-03-01T10:11:42.698+0700][gc,init] Concurrent Workers: 2
[2025-03-01T10:11:42.698+0700][gc,init] Concurrent Refinement Workers: 8
[2025-03-01T10:11:42.698+0700][gc,init] Periodic GC: Disabled
[2025-03-01T10:11:42.710+0700][gc,metaspace] CDS archive(s) mapped at: [0x0000702e93000000-0x0000702e93c97000-0x0000702e93c97000), size 13201408, SharedBaseAddress: 0x0000702e93000000, ArchiveRelocationMode: 1.
[2025-03-01T10:11:42.710+0700][gc,metaspace] Compressed class space mapped at: 0x0000702e94000000-0x0000702ed4000000, reserved size: 1073741824
[2025-03-01T10:11:42.710+0700][gc,metaspace] Narrow klass base: 0x0000702e93000000, Narrow klass shift: 0, Narrow klass range: 0x100000000
[2025-03-01T10:11:43.573+0700][gc,start    ] GC(0) Pause Young (Normal) (G1 Evacuation Pause)
[2025-03-01T10:11:43.575+0700][gc,task     ] GC(0) Using 8 workers of 8 for evacuation
[2025-03-01T10:11:43.584+0700][gc,phases   ] GC(0)   Pre Evacuate Collection Set: 0.2ms
[2025-03-01T10:11:43.584+0700][gc,phases   ] GC(0)   Merge Heap Roots: 0.1ms
[2025-03-01T10:11:43.584+0700][gc,phases   ] GC(0)   Evacuate Collection Set: 7.5ms
[2025-03-01T10:11:43.584+0700][gc,phases   ] GC(0)   Post Evacuate Collection Set: 0.9ms
[2025-03-01T10:11:43.584+0700][gc,phases   ] GC(0)   Other: 1.3ms
[2025-03-01T10:11:43.584+0700][gc,heap     ] GC(0) Eden regions: 25->0(21)
[2025-03-01T10:11:43.584+0700][gc,heap     ] GC(0) Survivor regions: 0->4(4)
[2025-03-01T10:11:43.584+0700][gc,heap     ] GC(0) Old regions: 2->6
[2025-03-01T10:11:43.584+0700][gc,heap     ] GC(0) Humongous regions: 0->0
[2025-03-01T10:11:43.584+0700][gc,metaspace] GC(0) Metaspace: 7833K(8000K)->7833K(8000K) NonClass: 7027K(7104K)->7027K(7104K) Class: 805K(896K)->805K(896K)
[2025-03-01T10:11:43.584+0700][gc          ] GC(0) Pause Young (Normal) (G1 Evacuation Pause) 26M->9M(512M) 10.321ms
[2025-03-01T10:11:43.584+0700][gc,cpu      ] GC(0) User=0.03s Sys=0.02s Real=0.01s
[2025-03-01T10:12:02.324+0700][gc,heap,exit] Heap
[2025-03-01T10:12:02.325+0700][gc,heap,exit]  garbage-first heap   total 524288K, used 13116K [0x00000000e0000000, 0x0000000100000000)
[2025-03-01T10:12:02.325+0700][gc,heap,exit]   region size 1024K, 8 young (8192K), 4 survivors (4096K)
[2025-03-01T10:12:02.325+0700][gc,heap,exit]  Metaspace       used 8475K, committed 8704K, reserved 1114112K
[2025-03-01T10:12:02.325+0700][gc,heap,exit]   class space    used 887K, committed 960K, reserved 1048576K
